/root/miniconda3/lib/python3.12/site-packages/torch/cuda/__init__.py:64: FutureWarning: The pynvml package is deprecated. Please install nvidia-ml-py instead. If you did not install pynvml directly, please report this to the maintainers of the package that installed pynvml for you.
  import pynvml  # type: ignore[import]
Modular Diffusers is currently an experimental feature under active development. The API is subject to breaking changes in future releases.
2026-09-18 03:43:19,529 [ERROR] Failed to import model adapter 'minimax_h3': No module named 'diffusers.modular_pipelines.minimax_h3'
2026-09-18 03:43:19,533 [INFO] Config loaded from /root/UTrainer/UnifiedTrainer/configs/0917_krea2edit_bsize_lr1e4_xm10.json
2026-09-18 03:43:19,534 [INFO] Model: krea2
2026-09-18 03:43:19,534 [INFO]   Loss: flow_matching (weight=1.0)
2026-09-18 03:43:19,534 [INFO] Mixed precision: bf16 (weight_dtype=bf16)
2026-09-18 03:43:19,536 [INFO] DatasetConfig validated: 2 image_types, 1 target_groups, 2 reference_groups, 2 caption_groups, 4 batch_configs
2026-09-18 03:43:19,536 [INFO] Parsed 1 dataset config(s)
2026-09-18 03:43:19,536 [INFO]   Dataset 0: 2 image_types, 1 target_groups, 2 reference_groups, 2 caption_groups, 4 batch_configs
2026-09-18 03:43:19,840 [INFO] Cache valid, reusing /home/waas/krea2_cache_bsize_edit_1024
2026-09-18 03:43:19,840 [INFO] Cache components not loaded (will reload for validation)
2026-09-18 03:43:19,840 [INFO] === Phase 2: Training components (transformer + LoRA) ===
2026-09-18 03:43:19,840 [INFO] Loading transformer from /home/waas/Krea-2-Raw/transformer...
W0918 03:43:20.016000 1843 site-packages/torch/utils/_pytree.py:630] <enum 'KernelPreference'> is an Enum subclass and is now natively supported by torch.compile as an opaque value type. Calling register_constant() on Enum subclasses is deprecated and will be an error in a future release.
Traceback (most recent call last):
  File "/root/UTrainer/UnifiedTrainer/train.py", line 1944, in <module>
    main()
  File "/root/UTrainer/UnifiedTrainer/train.py", line 851, in main
    transformer = adapter.load_transformer(transformer_path, weight_dtype)
                  ^^^^^^^^^^^^^^^^^^^^^^^^^^^^^^^^^^^^^^^^^^^^^^^^^^^^^^^^
  File "/root/UTrainer/UnifiedTrainer/models/krea2/__init__.py", line 188, in load_transformer
    from .transformer_krea2 import BlockSwapKrea2Transformer2DModel
  File "/root/UTrainer/UnifiedTrainer/models/krea2/transformer_krea2.py", line 24, in <module>
    from diffusers.loaders import PeftAdapterMixin
  File "<frozen importlib._bootstrap>", line 1412, in _handle_fromlist
  File "/root/miniconda3/lib/python3.12/site-packages/diffusers/utils/import_utils.py", line 1042, in __getattr__
    module = self._get_module(self._class_to_module[name])
             ^^^^^^^^^^^^^^^^^^^^^^^^^^^^^^^^^^^^^^^^^^^^^
  File "/root/miniconda3/lib/python3.12/site-packages/diffusers/utils/import_utils.py", line 1052, in _get_module
    return importlib.import_module("." + module_name, self.__name__)
           ^^^^^^^^^^^^^^^^^^^^^^^^^^^^^^^^^^^^^^^^^^^^^^^^^^^^^^^^^
  File "/root/miniconda3/lib/python3.12/importlib/__init__.py", line 90, in import_module
    return _bootstrap._gcd_import(name[level:], package, level)
           ^^^^^^^^^^^^^^^^^^^^^^^^^^^^^^^^^^^^^^^^^^^^^^^^^^^^
  File "/root/miniconda3/lib/python3.12/site-packages/diffusers/loaders/peft.py", line 26, in <module>
    from ..hooks.group_offloading import _maybe_remove_and_reapply_group_offloading
  File "/root/miniconda3/lib/python3.12/site-packages/diffusers/hooks/__init__.py", line 22, in <module>
    from .group_offloading import apply_group_offloading
  File "/root/miniconda3/lib/python3.12/site-packages/diffusers/hooks/group_offloading.py", line 31, in <module>
    from accelerate.hooks import AlignDevicesHook, CpuOffload
  File "/root/miniconda3/lib/python3.12/site-packages/accelerate/__init__.py", line 16, in <module>
    from .accelerator import Accelerator
  File "/root/miniconda3/lib/python3.12/site-packages/accelerate/accelerator.py", line 36, in <module>
    from .checkpointing import load_accelerator_state, load_custom_state, save_accelerator_state, save_custom_state
  File "/root/miniconda3/lib/python3.12/site-packages/accelerate/checkpointing.py", line 22, in <module>
    from .utils import (
  File "/root/miniconda3/lib/python3.12/site-packages/accelerate/utils/__init__.py", line 14, in <module>
    from .ao import convert_model_to_fp8_ao, filter_first_and_last_linear_layers, has_ao_layers
  File "/root/miniconda3/lib/python3.12/site-packages/accelerate/utils/ao.py", line 24, in <module>
    from .imports import is_torchao_available, torchao_required
  File "/root/miniconda3/lib/python3.12/site-packages/accelerate/utils/imports.py", line 25, in <module>
    from .environment import parse_flag_from_env, patch_environment, str_to_bool
  File "<frozen importlib._bootstrap>", line 1360, in _find_and_load
  File "<frozen importlib._bootstrap>", line 1331, in _find_and_load_unlocked
  File "<frozen importlib._bootstrap>", line 935, in _load_unlocked
  File "<frozen importlib._bootstrap_external>", line 991, in exec_module
  File "<frozen importlib._bootstrap_external>", line 1087, in get_code
  File "<frozen importlib._bootstrap_external>", line 1187, in get_data
KeyboardInterrupt
